###############################################################################
#                                                                             #
# IAR ELF Linker V6.30.1.53127/W32 for ARM              12/Aug/2017  03:26:23 #
# Copyright 2007-2011 IAR Systems AB.                                         #
#                                                                             #
#    Output file  =  E:\电子设计大赛\程序\（新板）基础扫线 v2 _加陀螺仪 -     #
#                    副本\Prj\IAR\DZ10_Debug\Exe\vcan_Kinetis.out             #
#    Map file     =  E:\电子设计大赛\程序\（新板）基础扫线 v2 _加陀螺仪 -     #
#                    副本\Prj\IAR\DZ10_Debug\List\vcan_Kinetis.map            #
#    Command line =  "E:\电子设计大赛\程序\（新板）基础扫线 v2 _加陀螺仪 -    #
#                    副本\Prj\IAR\DZ10_Debug\Obj\Acc_Gyro.o"                  #
#                    "E:\电子设计大赛\程序\（新板）基础扫线 v2 _加陀螺仪 -    #
#                    副本\Prj\IAR\DZ10_Debug\Obj\IIC.o"                       #
#                    "E:\电子设计大赛\程序\（新板）基础扫线 v2 _加陀螺仪 -    #
#                    副本\Prj\IAR\DZ10_Debug\Obj\MK60_DWT.o"                  #
#                    "E:\电子设计大赛\程序\（新板）基础扫线 v2 _加陀螺仪 -    #
#                    副本\Prj\IAR\DZ10_Debug\Obj\MK60_PIT.o"                  #
#                    "E:\电子设计大赛\程序\（新板）基础扫线 v2 _加陀螺仪 -    #
#                    副本\Prj\IAR\DZ10_Debug\Obj\MK60_SysTick.o"              #
#                    "E:\电子设计大赛\程序\（新板）基础扫线 v2 _加陀螺仪 -    #
#                    副本\Prj\IAR\DZ10_Debug\Obj\MK60_adc.o"                  #
#                    "E:\电子设计大赛\程序\（新板）基础扫线 v2 _加陀螺仪 -    #
#                    副本\Prj\IAR\DZ10_Debug\Obj\MK60_can.o"                  #
#                    "E:\电子设计大赛\程序\（新板）基础扫线 v2 _加陀螺仪 -    #
#                    副本\Prj\IAR\DZ10_Debug\Obj\MK60_conf.o"                 #
#                    "E:\电子设计大赛\程序\（新板）基础扫线 v2 _加陀螺仪 -    #
#                    副本\Prj\IAR\DZ10_Debug\Obj\MK60_dac.o"                  #
#                    "E:\电子设计大赛\程序\（新板）基础扫线 v2 _加陀螺仪 -    #
#                    副本\Prj\IAR\DZ10_Debug\Obj\MK60_dma.o"                  #
#                    "E:\电子设计大赛\程序\（新板）基础扫线 v2 _加陀螺仪 -    #
#                    副本\Prj\IAR\DZ10_Debug\Obj\MK60_flash.o"                #
#                    "E:\电子设计大赛\程序\（新板）基础扫线 v2 _加陀螺仪 -    #
#                    副本\Prj\IAR\DZ10_Debug\Obj\MK60_flexbus.o"              #
#                    "E:\电子设计大赛\程序\（新板）基础扫线 v2 _加陀螺仪 -    #
#                    副本\Prj\IAR\DZ10_Debug\Obj\MK60_ftm.o"                  #
#                    "E:\电子设计大赛\程序\（新板）基础扫线 v2 _加陀螺仪 -    #
#                    副本\Prj\IAR\DZ10_Debug\Obj\MK60_gpio.o"                 #
#                    "E:\电子设计大赛\程序\（新板）基础扫线 v2 _加陀螺仪 -    #
#                    副本\Prj\IAR\DZ10_Debug\Obj\MK60_i2c.o"                  #
#                    "E:\电子设计大赛\程序\（新板）基础扫线 v2 _加陀螺仪 -    #
#                    副本\Prj\IAR\DZ10_Debug\Obj\MK60_it.o"                   #
#                    "E:\电子设计大赛\程序\（新板）基础扫线 v2 _加陀螺仪 -    #
#                    副本\Prj\IAR\DZ10_Debug\Obj\MK60_lptmr.o"                #
#                    "E:\电子设计大赛\程序\（新板）基础扫线 v2 _加陀螺仪 -    #
#                    副本\Prj\IAR\DZ10_Debug\Obj\MK60_mcg.o"                  #
#                    "E:\电子设计大赛\程序\（新板）基础扫线 v2 _加陀螺仪 -    #
#                    副本\Prj\IAR\DZ10_Debug\Obj\MK60_port.o"                 #
#                    "E:\电子设计大赛\程序\（新板）基础扫线 v2 _加陀螺仪 -    #
#                    副本\Prj\IAR\DZ10_Debug\Obj\MK60_rtc.o"                  #
#                    "E:\电子设计大赛\程序\（新板）基础扫线 v2 _加陀螺仪 -    #
#                    副本\Prj\IAR\DZ10_Debug\Obj\MK60_sdhc.o"                 #
#                    "E:\电子设计大赛\程序\（新板）基础扫线 v2 _加陀螺仪 -    #
#                    副本\Prj\IAR\DZ10_Debug\Obj\MK60_spi.o"                  #
#                    "E:\电子设计大赛\程序\（新板）基础扫线 v2 _加陀螺仪 -    #
#                    副本\Prj\IAR\DZ10_Debug\Obj\MK60_uart.o"                 #
#                    "E:\电子设计大赛\程序\（新板）基础扫线 v2 _加陀螺仪 -    #
#                    副本\Prj\IAR\DZ10_Debug\Obj\MK60_usb.o"                  #
#                    "E:\电子设计大赛\程序\（新板）基础扫线 v2 _加陀螺仪 -    #
#                    副本\Prj\IAR\DZ10_Debug\Obj\MK60_wdog.o"                 #
#                    "E:\电子设计大赛\程序\（新板）基础扫线 v2 _加陀螺仪 -    #
#                    副本\Prj\IAR\DZ10_Debug\Obj\OLED.o"                      #
#                    "E:\电子设计大赛\程序\（新板）基础扫线 v2 _加陀螺仪 -    #
#                    副本\Prj\IAR\DZ10_Debug\Obj\USB.o"                       #
#                    "E:\电子设计大赛\程序\（新板）基础扫线 v2 _加陀螺仪 -    #
#                    副本\Prj\IAR\DZ10_Debug\Obj\USB_CDC.o"                   #
#                    "E:\电子设计大赛\程序\（新板）基础扫线 v2 _加陀螺仪 -    #
#                    副本\Prj\IAR\DZ10_Debug\Obj\VCAN_ASCII.o"                #
#                    "E:\电子设计大赛\程序\（新板）基础扫线 v2 _加陀螺仪 -    #
#                    副本\Prj\IAR\DZ10_Debug\Obj\VCAN_BMP.o"                  #
#                    "E:\电子设计大赛\程序\（新板）基础扫线 v2 _加陀螺仪 -    #
#                    副本\Prj\IAR\DZ10_Debug\Obj\VCAN_LCD.o"                  #
#                    "E:\电子设计大赛\程序\（新板）基础扫线 v2 _加陀螺仪 -    #
#                    副本\Prj\IAR\DZ10_Debug\Obj\VCAN_LCD_CH.o"               #
#                    "E:\电子设计大赛\程序\（新板）基础扫线 v2 _加陀螺仪 -    #
#                    副本\Prj\IAR\DZ10_Debug\Obj\VCAN_LCD_ILI9341.o"          #
#                    "E:\电子设计大赛\程序\（新板）基础扫线 v2 _加陀螺仪 -    #
#                    副本\Prj\IAR\DZ10_Debug\Obj\VCAN_LCD_ST7735R.o"          #
#                    "E:\电子设计大赛\程序\（新板）基础扫线 v2 _加陀螺仪 -    #
#                    副本\Prj\IAR\DZ10_Debug\Obj\VCAN_LCD_ST7735S.o"          #
#                    "E:\电子设计大赛\程序\（新板）基础扫线 v2 _加陀螺仪 -    #
#                    副本\Prj\IAR\DZ10_Debug\Obj\VCAN_LED.o"                  #
#                    "E:\电子设计大赛\程序\（新板）基础扫线 v2 _加陀螺仪 -    #
#                    副本\Prj\IAR\DZ10_Debug\Obj\VCAN_MMA7455.o"              #
#                    "E:\电子设计大赛\程序\（新板）基础扫线 v2 _加陀螺仪 -    #
#                    副本\Prj\IAR\DZ10_Debug\Obj\VCAN_NRF24L0.o"              #
#                    "E:\电子设计大赛\程序\（新板）基础扫线 v2 _加陀螺仪 -    #
#                    副本\Prj\IAR\DZ10_Debug\Obj\VCAN_NRF24L0_MSG.o"          #
#                    "E:\电子设计大赛\程序\（新板）基础扫线 v2 _加陀螺仪 -    #
#                    副本\Prj\IAR\DZ10_Debug\Obj\VCAN_OV7725_Eagle.o"         #
#                    "E:\电子设计大赛\程序\（新板）基础扫线 v2 _加陀螺仪 -    #
#                    副本\Prj\IAR\DZ10_Debug\Obj\VCAN_OV7725_Wolf.o"          #
#                    "E:\电子设计大赛\程序\（新板）基础扫线 v2 _加陀螺仪 -    #
#                    副本\Prj\IAR\DZ10_Debug\Obj\VCAN_RTC_count.o"            #
#                    "E:\电子设计大赛\程序\（新板）基础扫线 v2 _加陀螺仪 -    #
#                    副本\Prj\IAR\DZ10_Debug\Obj\VCAN_SCCB.o"                 #
#                    "E:\电子设计大赛\程序\（新板）基础扫线 v2 _加陀螺仪 -    #
#                    副本\Prj\IAR\DZ10_Debug\Obj\VCAN_TSL1401.o"              #
#                    "E:\电子设计大赛\程序\（新板）基础扫线 v2 _加陀螺仪 -    #
#                    副本\Prj\IAR\DZ10_Debug\Obj\VCAN_UI_VAR.o"               #
#                    "E:\电子设计大赛\程序\（新板）基础扫线 v2 _加陀螺仪 -    #
#                    副本\Prj\IAR\DZ10_Debug\Obj\VCAN_camera.o"               #
#                    "E:\电子设计大赛\程序\（新板）基础扫线 v2 _加陀螺仪 -    #
#                    副本\Prj\IAR\DZ10_Debug\Obj\VCAN_computer.o"             #
#                    "E:\电子设计大赛\程序\（新板）基础扫线 v2 _加陀螺仪 -    #
#                    副本\Prj\IAR\DZ10_Debug\Obj\VCAN_key.o"                  #
#                    "E:\电子设计大赛\程序\（新板）基础扫线 v2 _加陀螺仪 -    #
#                    副本\Prj\IAR\DZ10_Debug\Obj\VCAN_key_event.o"            #
#                    "E:\电子设计大赛\程序\（新板）基础扫线 v2 _加陀螺仪 -    #
#                    副本\Prj\IAR\DZ10_Debug\Obj\Vcan_touch.o"                #
#                    "E:\电子设计大赛\程序\（新板）基础扫线 v2 _加陀螺仪 -    #
#                    副本\Prj\IAR\DZ10_Debug\Obj\diskio.o"                    #
#                    "E:\电子设计大赛\程序\（新板）基础扫线 v2 _加陀螺仪 -    #
#                    副本\Prj\IAR\DZ10_Debug\Obj\ff.o"                        #
#                    "E:\电子设计大赛\程序\（新板）基础扫线 v2 _加陀螺仪 -    #
#                    副本\Prj\IAR\DZ10_Debug\Obj\main.o"                      #
#                    "E:\电子设计大赛\程序\（新板）基础扫线 v2 _加陀螺仪 -    #
#                    副本\Prj\IAR\DZ10_Debug\Obj\misc.o"                      #
#                    "E:\电子设计大赛\程序\（新板）基础扫线 v2 _加陀螺仪 -    #
#                    副本\Prj\IAR\DZ10_Debug\Obj\startup_MK60DZ10.o"          #
#                    "E:\电子设计大赛\程序\（新板）基础扫线 v2 _加陀螺仪 -    #
#                    副本\Prj\IAR\DZ10_Debug\Obj\system_MK60DZ10.o"           #
#                    "E:\电子设计大赛\程序\（新板）基础扫线 v2 _加陀螺仪 -    #
#                    副本\Prj\IAR\DZ10_Debug\Obj\vcan_img2sd.o"               #
#                    "E:\电子设计大赛\程序\（新板）基础扫线 v2 _加陀螺仪 -    #
#                    副本\Prj\IAR\DZ10_Debug\Obj\vcan_sd_app.o"               #
#                    "E:\电子设计大赛\程序\（新板）基础扫线 v2 _加陀螺仪 -    #
#                    副本\Prj\IAR\DZ10_Debug\Obj\vectors.o" --redirect        #
#                    _Printf=_PrintfLargeNoMb --redirect                      #
#                    _Scanf=_ScanfLargeNoMb -o "E:\电子设计大赛\程序\（新板） #
#                    基础扫线 v2 _加陀螺仪 - 副本\Prj\IAR\DZ10_Debug\Exe\vcan #
#                    _Kinetis.out" --map "E:\电子设计大赛\程序\（新板）基础扫 #
#                    线 v2 _加陀螺仪 - 副本\Prj\IAR\DZ10_Debug\List\vcan_Kine #
#                    tis.map" --config "E:\电子设计大赛\程序\（新板）基础扫线 #
#                     v2 _加陀螺仪 - 副本\Prj\IAR\config                      #
#                    files\vcan_ROM_K60N512.icf"                              #
#                    "E:\电子设计大赛\程序\（新板）基础扫线 v2 _加陀螺仪 -    #
#                    副本\Prj\IAR\..\..\Lib\CMSIS\iar_cortexM4l_math.a"       #
#                    --entry __iar_program_start --vfe                        #
#                                                                             #
#                                                                             #
###############################################################################

*******************************************************************************
*** RUNTIME MODEL ATTRIBUTES
***

CppFlavor       = *
__SystemLibrary = DLib


*******************************************************************************
*** PLACEMENT SUMMARY
***

"A1":  place at 0x00000000 { ro section .intvec };
"A2":  place at 0x00000410 { ro section .noinit };
"P1":  place in [from 0x00000000 to 0x00080000] { ro, block CodeRelocate };
"P2":  place in [from 0x1fff0410 to 0x20010000] {
          rw, block CodeRelocateRam, block CSTACK, block HEAP };

  Section              Kind        Address    Size  Object
  -------              ----        -------    ----  ------
"A1":                                        0x410
  .intvec              const    0x00000000   0x410  vectors.o [1]
                              - 0x00000410   0x410

"A2":                                          0x8
  .noinit              ro code  0x00000410     0x8  startup_MK60DZ10.o [1]
                              - 0x00000418     0x8

"P1":                                       0x38ac
  .text                ro code  0x00000418   0xb5e  xprintflarge_nomb.o [3]
  .text                ro code  0x00000f76    0x22  zero_init3.o [5]
  .text                ro code  0x00000f98    0x16  strchr.o [5]
  .text                ro code  0x00000fb0    0x36  strlen.o [5]
  .text                ro code  0x00000fe8    0x58  memchr.o [5]
  .text                ro code  0x00001040    0xee  I64DivMod.o [5]
  .text                ro code  0x00001130    0x76  ABImemcpy.o [5]
  .text                ro code  0x000011a6    0x44  xdnorm.o [4]
  .text                ro code  0x000011ec    0x2e  DblCmpLe.o [4]
  .text                ro code  0x0000121c   0x1a2  DblMul.o [4]
  .text                ro code  0x000013c0   0x246  DblDiv.o [4]
  .text                ro code  0x00001608    0x2c  DblToI32.o [4]
  .text                ro code  0x00001634    0x1c  I32ToDbl.o [4]
  .text                ro code  0x00001650   0x180  DblSub.o [4]
  .text                ro code  0x000017d0    0x6c  localeconv.o [3]
  .text                ro code  0x0000183c     0xe  div.o [3]
  .text                ro code  0x0000184c     0x2  I64DivZer.o [5]
  .text                ro code  0x00001850    0xd4  DblAdd.o [4]
  .text                ro code  0x00001924     0x2  xtls.o [3]
  .data_init                    0x00001928   0x7dc  <Block>
    Initializer bytes  ro data  0x00001928   0x7dc  <for .data-1>
  .text                ro code  0x00002104   0x604  OLED.o [1]
  .text                ro code  0x00002708   0x128  MK60_gpio.o [1]
  .text                ro code  0x00002830    0xb0  MK60_port.o [1]
  Veneer               ro code  0x000028e0     0x8  - Linker created -
  Veneer               ro code  0x000028e8     0x8  - Linker created -
  .text                ro code  0x000028f0   0x140  MK60_conf.o [1]
  .text                ro code  0x00002a30    0x70  VCAN_LED.o [1]
  .text                ro code  0x00002aa0    0x24  printf.o [3]
  .text                ro code  0x00002ac4    0x64  MK60_SysTick.o [1]
  .text                ro code  0x00002b28   0x24c  MK60_uart.o [1]
  .text                ro code  0x00002d74    0x9c  VCAN_key.o [1]
  Veneer               ro code  0x00002e10     0x8  - Linker created -
  .text                ro code  0x00002e18   0x3e8  MK60_mcg.o [1]
  .text                ro code  0x00003200   0x242  main.o [1]
  .rodata              const    0x00003444   0x228  OLED.o [1]
  CodeRelocate                  0x0000366c   0x1c8  <Block>
    Initializer bytes  ro data  0x0000366c   0x1c8  <for CodeRelocateRam-1>
  .text                ro code  0x00003834   0x130  system_MK60DZ10.o [1]
  .text                ro code  0x00003964    0x40  MK60_wdog.o [1]
  .text                ro code  0x000039a4    0x2c  misc.o [1]
  .rodata              const    0x000039d0    0x4c  MK60_SysTick.o [1]
  .rodata              const    0x00003a1c    0x4c  MK60_flash.o [1]
  .rodata              const    0x00003a68    0x48  MK60_gpio.o [1]
  .rodata              const    0x00003ab0    0x48  MK60_uart.o [1]
  .rodata              const    0x00003af8    0x44  misc.o [1]
  .rodata              const    0x00003b3c    0x3c  MK60_conf.o [1]
  .text                ro code  0x00003b78    0x2c  data_init3.o [5]
  .rodata              const    0x00003ba4    0x24  MK60_conf.o [1]
  .iar.init_table      const    0x00003bc8    0x10  - Linker created -
  .rodata              const    0x00003bd8    0x20  MK60_conf.o [1]
  .text                ro code  0x00003bf8    0x16  cmain.o [5]
  .text                ro code  0x00003c0e     0x4  low_level_init.o [3]
  .text                ro code  0x00003c12     0x4  exit.o [3]
  .text                ro code  0x00003c18     0xa  cexit.o [5]
  .text                ro code  0x00003c24     0xc  XXexit.o [5]
  .text                ro code  0x00003c30    0x16  xprout.o [3]
  .text                ro code  0x00003c48     0xc  putchar.o [3]
  .rodata              const    0x00003c54    0x14  MK60_conf.o [1]
  .text                ro code  0x00003c68     0xc  cstartup_M.o [5]
  .rodata              const    0x00003c74     0x0  bwt_init3c.o [5]
  Initializer bytes    ro data  0x00003c74    0x50  <for P2 s0>
                              - 0x00003cc4  0x38ac

"P2", part 1 of 3:                           0x9a4
  .data                         0x1fff0410   0x7dc  <Block>
    .data-1                     0x1fff0410   0x7dc  <Init block>
      .data            inited   0x1fff0410   0x708  MK60_conf.o [1]
      .data            inited   0x1fff0b18    0x14  MK60_gpio.o [1]
      .data            inited   0x1fff0b2c    0x44  MK60_mcg.o [1]
      .data            inited   0x1fff0b70     0x4  MK60_mcg.o [1]
      .data            inited   0x1fff0b74    0x14  MK60_port.o [1]
      .data            inited   0x1fff0b88    0x18  MK60_uart.o [1]
      .data            inited   0x1fff0ba0     0x4  VCAN_LED.o [1]
      .data            inited   0x1fff0ba4     0x8  VCAN_key.o [1]
      .data            inited   0x1fff0bac    0x40  xfiles.o [3]
  CodeRelocateRam               0x1fff0bec   0x1c8  <Block>
    CodeRelocateRam-1           0x1fff0bec   0x1c8  <Init block>
      Veneer           inited   0x1fff0bec     0x8  - Linker created -
      Veneer           inited   0x1fff0bf4     0x8  - Linker created -
      .textrw          inited   0x1fff0bfc   0x168  MK60_flash.o [1]
      .textrw          inited   0x1fff0d64    0x50  MK60_mcg.o [1]
                              - 0x1fff0db4   0x9a4

"P2", part 2 of 3:                          0x1324
  .bss                          0x1fff0db4  0x1324  <Block>
    .bss               zero     0x1fff0db4  0x12c0  main.o [1]
    .bss               zero     0x1fff2074     0x4  main.o [1]
    .bss               zero     0x1fff2078     0x4  main.o [1]
    .bss               zero     0x1fff207c     0x4  system_MK60DZ10.o [1]
    .bss               zero     0x1fff2080     0x4  system_MK60DZ10.o [1]
    .bss               zero     0x1fff2084     0x4  system_MK60DZ10.o [1]
    .bss               zero     0x1fff2088    0x50  xfiles.o [3]
                              - 0x1fff20d8  0x1324

"P2", part 3 of 3:                            0x50
  P2 s0                         0x1fff20d8    0x50  <Init block>
    __DLIB_PERTHREAD   inited   0x1fff20d8    0x50  localeconv.o [3]
                              - 0x1fff2128    0x50


*******************************************************************************
*** INIT TABLE
***

          Address     Size
          -------     ----
Zero (__iar_zero_init3)
    1 destination range, total size 0x1324:
          0x1fff0db4  0x1324



*******************************************************************************
*** MODULE SUMMARY
***

    Module               ro code  rw code  ro data  rw data
    ------               -------  -------  -------  -------
E:\电子设计大赛\程序\（新板）基础扫线 v2 _加陀螺仪 - 副本\Prj\IAR\DZ10_Debug\Obj: [1]
    MK60_SysTick.o           100                76
    MK60_conf.o              320             1 948    1 800
    MK60_flash.o                      360      436
    MK60_gpio.o              296                92       20
    MK60_mcg.o             1 000       80      152       72
    MK60_port.o              176                20       20
    MK60_uart.o              588                96       24
    MK60_wdog.o               64
    OLED.o                 1 540               552
    VCAN_LED.o               112                 4        4
    VCAN_key.o               156                 8        8
    main.o                   578                      4 808
    misc.o                    44                68
    startup_MK60DZ10.o         8
    system_MK60DZ10.o        304                         12
    vectors.o                                1 040
    -------------------------------------------------------
    Total:                 5 286      440    4 492    6 768

command line: [2]
    -------------------------------------------------------
    Total:

dl7M_tlf.a: [3]
    div.o                     14
    exit.o                     4
    localeconv.o             108                80       80
    low_level_init.o           4
    printf.o                  36
    putchar.o                 12
    xfiles.o                                    64      144
    xprintflarge_nomb.o    2 910
    xprout.o                  22
    xtls.o                     2
    -------------------------------------------------------
    Total:                 3 112               144      224

m7M_tl.a: [4]
    DblAdd.o                 212
    DblCmpLe.o                46
    DblDiv.o                 582
    DblMul.o                 418
    DblSub.o                 384
    DblToI32.o                44
    I32ToDbl.o                28
    xdnorm.o                  68
    -------------------------------------------------------
    Total:                 1 782

rt7M_tl.a: [5]
    ABImemcpy.o              118
    I64DivMod.o              238
    I64DivZer.o                2
    XXexit.o                  12
    bwt_init3c.o
    cexit.o                   10
    cmain.o                   22
    cstartup_M.o              12
    data_init3.o              44
    memchr.o                  88
    strchr.o                  22
    strlen.o                  54
    zero_init3.o              34
    -------------------------------------------------------
    Total:                   656

    Gaps                      24                 2        2
    Linker created            24       16       32
-----------------------------------------------------------
    Grand Total:          10 884      456    4 670    6 994


*******************************************************************************
*** ENTRY LIST
***

Entry                      Address    Size  Type      Object
-----                      -------    ----  ----      ------
.bss$$Base              0x1fff0db4           --   Gb  - Linker created -
.bss$$Limit             0x1fff20d8           --   Gb  - Linker created -
.data$$Base             0x1fff0410           --   Gb  - Linker created -
.data$$Limit            0x1fff0bec           --   Gb  - Linker created -
.data_init$$Base        0x00001928           --   Gb  - Linker created -
.data_init$$Limit       0x00002104           --   Gb  - Linker created -
?main                   0x00003bf9          Code  Gb  cmain.o [5]
ASSERT_FAILED_STR       0x00003ba4    0x24  Data  Gb  MK60_conf.o [1]
CodeRelocate$$Base      0x0000366c           --   Gb  - Linker created -
CodeRelocate$$Limit     0x00003834           --   Gb  - Linker created -
CodeRelocateRam$$Base   0x1fff0bec           --   Gb  - Linker created -
CodeRelocateRam$$Limit  0x1fff0db4           --   Gb  - Linker created -
F6x8                    0x00003444   0x228  Data  Gb  OLED.o [1]
GPIOX                   0x1fff0b18    0x14  Data  Gb  MK60_gpio.o [1]
Init_All                0x00003201    0x20  Code  Gb  main.o [1]
KEY_PTxn                0x1fff0ba4     0x8  Data  Gb  VCAN_key.o [1]
LEDPIN_Init             0x00002105    0x36  Code  Gb  OLED.o [1]
LED_DLY_ms              0x000022cb    0x1c  Code  Gb  OLED.o [1]
LED_Fill                0x0000228b    0x40  Code  Gb  OLED.o [1]
LED_Init                0x000023ff    0xb8  Code  Gb  OLED.o [1]
LED_P6x8Char            0x000024b7    0x54  Code  Gb  OLED.o [1]
LED_PTxn                0x1fff0ba0     0x4  Data  Gb  VCAN_LED.o [1]
LED_PrintValueI         0x0000250b   0x106  Code  Gb  OLED.o [1]
LED_Set_Pos             0x00002263    0x28  Code  Gb  OLED.o [1]
LED_WrCmd               0x000021d1    0x92  Code  Gb  OLED.o [1]
LED_WrDat               0x0000213d    0x92  Code  Gb  OLED.o [1]
NVIC_SystemReset        0x000028f1    0x1a  Code  Lc  MK60_conf.o [1]
PORTX                   0x1fff0b74    0x14  Data  Gb  MK60_port.o [1]
Region$$Table$$Base     0x00003bc8           --   Gb  - Linker created -
Region$$Table$$Limit    0x00003bd8           --   Gb  - Linker created -
Reset_Handler           0x00000411          Code  Gb  startup_MK60DZ10.o [1]
SetAddressingMode       0x000022e7    0x14  Code  Gb  OLED.o [1]
SetContrastControl      0x0000230b    0x14  Code  Gb  OLED.o [1]
SetStartLine            0x000022fb    0x10  Code  Gb  OLED.o [1]
Set_Charge_Pump         0x0000231f    0x16  Code  Gb  OLED.o [1]
Set_Common_Config       0x000023d5    0x16  Code  Gb  OLED.o [1]
Set_Common_Remap        0x00002389    0x10  Code  Gb  OLED.o [1]
Set_Display_Clock       0x000023ad    0x14  Code  Gb  OLED.o [1]
Set_Display_Offset      0x00002399    0x14  Code  Gb  OLED.o [1]
Set_Display_On_Off      0x00002379    0x10  Code  Gb  OLED.o [1]
Set_Entire_Display      0x00002345    0x10  Code  Gb  OLED.o [1]
Set_Inverse_Display     0x00002355    0x10  Code  Gb  OLED.o [1]
Set_Multiplex_Ratio     0x00002365    0x14  Code  Gb  OLED.o [1]
Set_Precharge_Period    0x000023c1    0x14  Code  Gb  OLED.o [1]
Set_Segment_Remap       0x00002335    0x10  Code  Gb  OLED.o [1]
Set_VCOMH               0x000023eb    0x14  Code  Gb  OLED.o [1]
UARTN                   0x1fff0b88    0x18  Data  Gb  MK60_uart.o [1]
_GenldLargeNoMb         0x00000ced   0x242  Code  Lc  xprintflarge_nomb.o [3]
_LdtobLargeNoMb         0x00000a65   0x276  Code  Lc  xprintflarge_nomb.o [3]
_LitobLargeNoMb         0x0000093f   0x126  Code  Lc  xprintflarge_nomb.o [3]
_Locale_lconv           0x1fff20d8    0x50  Data  Gb  localeconv.o [3]
_PrintfLargeNoMb        0x00000419   0x526  Code  Gb  xprintflarge_nomb.o [3]
_Prout                  0x00003c31    0x16  Code  Gb  xprout.o [3]
_PutcharsLargeNoMb      0x00000f2f    0x2e  Code  Lc  xprintflarge_nomb.o [3]
__BOOT_STACK_ADDRESS {Abs}
                        0x2000fff8           --   Gb  command line/config [2]
__VECTOR_RAM {Abs}      0x1fff0000           --   Gb  command line/config [2]
__VECTOR_TABLE {Abs}    0x00000000           --   Gb  command line/config [2]
__aeabi_cdcmple         0x000011ed          Code  Gb  DblCmpLe.o [4]
__aeabi_d2uiz           0x00001609          Code  Gb  DblToI32.o [4]
__aeabi_ddiv            0x000013c1          Code  Gb  DblDiv.o [4]
__aeabi_dmul            0x0000121d          Code  Gb  DblMul.o [4]
__aeabi_dsub            0x00001651          Code  Gb  DblSub.o [4]
__aeabi_ldiv0           0x0000184d          Code  Gb  I64DivZer.o [5]
__aeabi_memcpy          0x00001131          Code  Gb  ABImemcpy.o [5]
__aeabi_memcpy4         0x00001151          Code  Gb  ABImemcpy.o [5]
__aeabi_memcpy8         0x00001151          Code  Gb  ABImemcpy.o [5]
__aeabi_ui2d            0x00001635          Code  Gb  I32ToDbl.o [4]
__aeabi_uldivmod        0x00001041          Code  Gb  I64DivMod.o [5]
__cmain                 0x00003bf9          Code  Gb  cmain.o [5]
__code_start__ {Abs}    0x00000410           --   Gb  command line/config [2]
__exit                  0x00003c25          Code  Gb  XXexit.o [5]
__iar_Dnorm             0x000011a7    0x44  Code  Gb  xdnorm.o [4]
__iar_Locale_lconv_init
                        0x000017d1    0x3a  Code  Gb  localeconv.o [3]
__iar_Memchr            0x00000fe9          Code  Gb  memchr.o [5]
__iar_SB                0x00003c74          Data  Gb  bwt_init3c.o [5]
__iar_Stdout            0x1fff0bac    0x40  Data  Gb  xfiles.o [3]
__iar_Strchr            0x00000f99          Code  Gb  strchr.o [5]
__iar_d2uiz             0x00001615          Code  Gb  DblToI32.o [4]
__iar_dadd              0x00001851          Code  Gb  DblAdd.o [4]
__iar_data_init3        0x00003b79    0x2c  Code  Gb  data_init3.o [5]
__iar_default_requirements$$_Printf<unknown>printf {Abs}
                        0x00000000           --   Gb  printf.o [3]
__iar_default_requirements$$_Printf<unknown>sprintf {Abs}
                        0x00000000           --   Gb  sprintf.o [3]
__iar_dlib_perthread_access
                        0x00001925     0x2  Code  Gb  xtls.o [3]
__iar_dsub              0x00001665          Code  Gb  DblSub.o [4]
__iar_dsubStart         0x00001677          Code  Gb  DblSub.o [4]
__iar_program_start     0x00003c69          Code  Gb  cstartup_M.o [5]
__iar_provide$$_Printf<flags,floats,int_specials,long_longs,n_formatters,qualifiers,widths>_PrintfLargeNoMb {Abs}
                        0x00000000           --   Gb  xprintflarge_nomb.o [3]
__iar_ui2d              0x00001639          Code  Gb  I32ToDbl.o [4]
__iar_zero_init3        0x00000f77    0x22  Code  Gb  zero_init3.o [5]
__low_level_init        0x00003c0f     0x4  Code  Gb  low_level_init.o [3]
__vector_table          0x00000000   0x410  Data  Gb  vectors.o [1]
_call_main              0x00003c05          Code  Gb  cmain.o [5]
_exit                   0x00003c19          Code  Gb  cexit.o [5]
_main                   0x00003c0b          Code  Gb  cmain.o [5]
assert_failed           0x0000290b    0x26  Code  Gb  MK60_conf.o [1]
ball_x                  0x1fff2074     0x4  Data  Gb  main.o [1]
ball_y                  0x1fff2078     0x4  Data  Gb  main.o [1]
bus_clk_khz             0x1fff2084     0x4  Data  Gb  system_MK60DZ10.o [1]
common_startup          0x00003893    0x98  Code  Gb  system_MK60DZ10.o [1]
control_ball            0x00003269    0x2e  Code  Gb  main.o [1]
core_clk_khz            0x1fff207c     0x4  Data  Gb  system_MK60DZ10.o [1]
core_clk_mhz            0x1fff2080     0x4  Data  Gb  system_MK60DZ10.o [1]
default_isr             0x000029df    0x30  Code  Gb  MK60_conf.o [1]
div                     0x0000183d     0xe  Code  Gb  div.o [3]
exit                    0x00003c13     0x4  Code  Gb  exit.o [3]
flash_cmd               0x1fff0bfd    0x20  Code  Gb  MK60_flash.o [1]
flash_erase_sector      0x1fff0c4d    0x58  Code  Gb  MK60_flash.o [1]
flash_init              0x1fff0c1d    0x30  Code  Gb  MK60_flash.o [1]
flash_write             0x1fff0ca5    0x90  Code  Gb  MK60_flash.o [1]
fputc                   0x00002931    0x14  Code  Gb  MK60_conf.o [1]
get_ball_xy             0x00003297   0x166  Code  Gb  main.o [1]
gpio_get                0x000027ef    0x3a  Code  Gb  MK60_gpio.o [1]
gpio_init               0x00002709    0xae  Code  Gb  MK60_gpio.o [1]
gpio_turn               0x000027b7    0x38  Code  Gb  MK60_gpio.o [1]
img                     0x1fff0db4  0x12c0  Data  Gb  main.o [1]
img_show                0x00002615    0xea  Code  Gb  OLED.o [1]
key_check               0x00002de1    0x2a  Code  Gb  VCAN_key.o [1]
key_get                 0x00002dc7    0x1a  Code  Gb  VCAN_key.o [1]
key_init                0x00002d75    0x52  Code  Gb  VCAN_key.o [1]
led_init                0x00002a31    0x3a  Code  Gb  VCAN_LED.o [1]
led_shine               0x00003409    0x3a  Code  Gb  main.o [1]
led_turn                0x00002a6b    0x32  Code  Gb  VCAN_LED.o [1]
localeconv              0x0000180b    0x16  Code  Gb  localeconv.o [3]
main                    0x00003221    0x48  Code  Gb  main.o [1]
mcg_cfg                 0x1fff0b2c    0x44  Data  Gb  MK60_mcg.o [1]
mcg_div                 0x1fff0b70     0x4  Data  Gb  MK60_mcg.o [1]
mcg_div_count           0x00002e19   0x31a  Code  Gb  MK60_mcg.o [1]
memchr                  0x00000fe9          Code  Gb  memchr.o [5]
obuf                    0x1fff2088    0x50  Data  Lc  xfiles.o [3]
pll_init                0x00003133    0xb2  Code  Gb  MK60_mcg.o [1]
port_init               0x00002831    0x44  Code  Gb  MK60_port.o [1]
port_init_NoALT         0x00002875    0x62  Code  Gb  MK60_port.o [1]
printf                  0x00002aa1    0x24  Code  Gb  printf.o [3]
putchar                 0x00003c49     0xc  Code  Gb  putchar.o [3]
set_sys_dividers        0x1fff0d65    0x50  Code  Gb  MK60_mcg.o [1]
start                   0x00003835    0x22  Code  Gb  system_MK60DZ10.o [1]
start_check             0x00002945    0x9a  Code  Gb  MK60_conf.o [1]
strchr                  0x00000f99          Code  Gb  strchr.o [5]
strlen                  0x00000fb1          Code  Gb  strlen.o [5]
sysinit                 0x00003857    0x3c  Code  Gb  system_MK60DZ10.o [1]
systick_delay           0x00002ac5    0x36  Code  Gb  MK60_SysTick.o [1]
systick_delay_ms        0x00002afb    0x18  Code  Gb  MK60_SysTick.o [1]
uart_init               0x00002b29   0x218  Code  Gb  MK60_uart.o [1]
uart_putchar            0x00002d41    0x1a  Code  Gb  MK60_uart.o [1]
vector_str              0x1fff0410   0x708  Data  Gb  MK60_conf.o [1]
wdog_disable            0x00003965    0x16  Code  Gb  MK60_wdog.o [1]
wdog_unlock             0x0000397b    0x20  Code  Lc  MK60_wdog.o [1]
write_vtor              0x000039a5    0x22  Code  Gb  misc.o [1]


[1] = E:\电子设计大赛\程序\（新板）基础扫线 v2 _加陀螺仪 - 副本\Prj\IAR\DZ10_Debug\Obj
[2] = command line
[3] = dl7M_tlf.a
[4] = m7M_tl.a
[5] = rt7M_tl.a

  10 884 bytes of readonly  code memory
     456 bytes of readwrite code memory
   4 670 bytes of readonly  data memory
   6 994 bytes of readwrite data memory

Errors: none
Warnings: none
