###############################################################################
#
# IAR ELF Linker V7.20.2.7424/W32 for ARM                 27/Mar/2019  19:30:24
# Copyright 2007-2014 IAR Systems AB.
#
#    Output file  =  
#        D:\电子和比赛相关\林辉的比赛分享资料\电子设计大赛\程序\比赛程序\终极比赛程序\整合程序\Prj\IAR\FX15_Debug\Exe\vcan_Kinetis.out
#    Map file     =  
#        D:\电子和比赛相关\林辉的比赛分享资料\电子设计大赛\程序\比赛程序\终极比赛程序\整合程序\Prj\IAR\FX15_Debug\List\vcan_Kinetis.map
#    Command line =  
#        D:\电子和比赛相关\林辉的比赛分享资料\电子设计大赛\程序\比赛程序\终极比赛程序\整合程序\Prj\IAR\FX15_Debug\Obj\Acc_Gyro.o
#        D:\电子和比赛相关\林辉的比赛分享资料\电子设计大赛\程序\比赛程序\终极比赛程序\整合程序\Prj\IAR\FX15_Debug\Obj\diskio.o
#        D:\电子和比赛相关\林辉的比赛分享资料\电子设计大赛\程序\比赛程序\终极比赛程序\整合程序\Prj\IAR\FX15_Debug\Obj\ff.o
#        D:\电子和比赛相关\林辉的比赛分享资料\电子设计大赛\程序\比赛程序\终极比赛程序\整合程序\Prj\IAR\FX15_Debug\Obj\IIC.o
#        D:\电子和比赛相关\林辉的比赛分享资料\电子设计大赛\程序\比赛程序\终极比赛程序\整合程序\Prj\IAR\FX15_Debug\Obj\main.o
#        D:\电子和比赛相关\林辉的比赛分享资料\电子设计大赛\程序\比赛程序\终极比赛程序\整合程序\Prj\IAR\FX15_Debug\Obj\misc.o
#        D:\电子和比赛相关\林辉的比赛分享资料\电子设计大赛\程序\比赛程序\终极比赛程序\整合程序\Prj\IAR\FX15_Debug\Obj\MK60_adc.o
#        D:\电子和比赛相关\林辉的比赛分享资料\电子设计大赛\程序\比赛程序\终极比赛程序\整合程序\Prj\IAR\FX15_Debug\Obj\MK60_can.o
#        D:\电子和比赛相关\林辉的比赛分享资料\电子设计大赛\程序\比赛程序\终极比赛程序\整合程序\Prj\IAR\FX15_Debug\Obj\MK60_conf.o
#        D:\电子和比赛相关\林辉的比赛分享资料\电子设计大赛\程序\比赛程序\终极比赛程序\整合程序\Prj\IAR\FX15_Debug\Obj\MK60_dac.o
#        D:\电子和比赛相关\林辉的比赛分享资料\电子设计大赛\程序\比赛程序\终极比赛程序\整合程序\Prj\IAR\FX15_Debug\Obj\MK60_dma.o
#        D:\电子和比赛相关\林辉的比赛分享资料\电子设计大赛\程序\比赛程序\终极比赛程序\整合程序\Prj\IAR\FX15_Debug\Obj\MK60_DWT.o
#        D:\电子和比赛相关\林辉的比赛分享资料\电子设计大赛\程序\比赛程序\终极比赛程序\整合程序\Prj\IAR\FX15_Debug\Obj\MK60_flash.o
#        D:\电子和比赛相关\林辉的比赛分享资料\电子设计大赛\程序\比赛程序\终极比赛程序\整合程序\Prj\IAR\FX15_Debug\Obj\MK60_flexbus.o
#        D:\电子和比赛相关\林辉的比赛分享资料\电子设计大赛\程序\比赛程序\终极比赛程序\整合程序\Prj\IAR\FX15_Debug\Obj\MK60_ftm.o
#        D:\电子和比赛相关\林辉的比赛分享资料\电子设计大赛\程序\比赛程序\终极比赛程序\整合程序\Prj\IAR\FX15_Debug\Obj\MK60_gpio.o
#        D:\电子和比赛相关\林辉的比赛分享资料\电子设计大赛\程序\比赛程序\终极比赛程序\整合程序\Prj\IAR\FX15_Debug\Obj\MK60_i2c.o
#        D:\电子和比赛相关\林辉的比赛分享资料\电子设计大赛\程序\比赛程序\终极比赛程序\整合程序\Prj\IAR\FX15_Debug\Obj\MK60_it.o
#        D:\电子和比赛相关\林辉的比赛分享资料\电子设计大赛\程序\比赛程序\终极比赛程序\整合程序\Prj\IAR\FX15_Debug\Obj\MK60_lptmr.o
#        D:\电子和比赛相关\林辉的比赛分享资料\电子设计大赛\程序\比赛程序\终极比赛程序\整合程序\Prj\IAR\FX15_Debug\Obj\MK60_mcg.o
#        D:\电子和比赛相关\林辉的比赛分享资料\电子设计大赛\程序\比赛程序\终极比赛程序\整合程序\Prj\IAR\FX15_Debug\Obj\MK60_PIT.o
#        D:\电子和比赛相关\林辉的比赛分享资料\电子设计大赛\程序\比赛程序\终极比赛程序\整合程序\Prj\IAR\FX15_Debug\Obj\MK60_port.o
#        D:\电子和比赛相关\林辉的比赛分享资料\电子设计大赛\程序\比赛程序\终极比赛程序\整合程序\Prj\IAR\FX15_Debug\Obj\MK60_rtc.o
#        D:\电子和比赛相关\林辉的比赛分享资料\电子设计大赛\程序\比赛程序\终极比赛程序\整合程序\Prj\IAR\FX15_Debug\Obj\MK60_sdhc.o
#        D:\电子和比赛相关\林辉的比赛分享资料\电子设计大赛\程序\比赛程序\终极比赛程序\整合程序\Prj\IAR\FX15_Debug\Obj\MK60_spi.o
#        D:\电子和比赛相关\林辉的比赛分享资料\电子设计大赛\程序\比赛程序\终极比赛程序\整合程序\Prj\IAR\FX15_Debug\Obj\MK60_SysTick.o
#        D:\电子和比赛相关\林辉的比赛分享资料\电子设计大赛\程序\比赛程序\终极比赛程序\整合程序\Prj\IAR\FX15_Debug\Obj\MK60_uart.o
#        D:\电子和比赛相关\林辉的比赛分享资料\电子设计大赛\程序\比赛程序\终极比赛程序\整合程序\Prj\IAR\FX15_Debug\Obj\MK60_usb.o
#        D:\电子和比赛相关\林辉的比赛分享资料\电子设计大赛\程序\比赛程序\终极比赛程序\整合程序\Prj\IAR\FX15_Debug\Obj\MK60_wdog.o
#        D:\电子和比赛相关\林辉的比赛分享资料\电子设计大赛\程序\比赛程序\终极比赛程序\整合程序\Prj\IAR\FX15_Debug\Obj\OLED.o
#        D:\电子和比赛相关\林辉的比赛分享资料\电子设计大赛\程序\比赛程序\终极比赛程序\整合程序\Prj\IAR\FX15_Debug\Obj\startup_MK60DZ10.o
#        D:\电子和比赛相关\林辉的比赛分享资料\电子设计大赛\程序\比赛程序\终极比赛程序\整合程序\Prj\IAR\FX15_Debug\Obj\system_MK60DZ10.o
#        D:\电子和比赛相关\林辉的比赛分享资料\电子设计大赛\程序\比赛程序\终极比赛程序\整合程序\Prj\IAR\FX15_Debug\Obj\USB.o
#        D:\电子和比赛相关\林辉的比赛分享资料\电子设计大赛\程序\比赛程序\终极比赛程序\整合程序\Prj\IAR\FX15_Debug\Obj\USB_CDC.o
#        D:\电子和比赛相关\林辉的比赛分享资料\电子设计大赛\程序\比赛程序\终极比赛程序\整合程序\Prj\IAR\FX15_Debug\Obj\VCAN_ASCII.o
#        D:\电子和比赛相关\林辉的比赛分享资料\电子设计大赛\程序\比赛程序\终极比赛程序\整合程序\Prj\IAR\FX15_Debug\Obj\VCAN_BMP.o
#        D:\电子和比赛相关\林辉的比赛分享资料\电子设计大赛\程序\比赛程序\终极比赛程序\整合程序\Prj\IAR\FX15_Debug\Obj\VCAN_camera.o
#        D:\电子和比赛相关\林辉的比赛分享资料\电子设计大赛\程序\比赛程序\终极比赛程序\整合程序\Prj\IAR\FX15_Debug\Obj\VCAN_computer.o
#        D:\电子和比赛相关\林辉的比赛分享资料\电子设计大赛\程序\比赛程序\终极比赛程序\整合程序\Prj\IAR\FX15_Debug\Obj\vcan_img2sd.o
#        D:\电子和比赛相关\林辉的比赛分享资料\电子设计大赛\程序\比赛程序\终极比赛程序\整合程序\Prj\IAR\FX15_Debug\Obj\VCAN_key.o
#        D:\电子和比赛相关\林辉的比赛分享资料\电子设计大赛\程序\比赛程序\终极比赛程序\整合程序\Prj\IAR\FX15_Debug\Obj\VCAN_key_event.o
#        D:\电子和比赛相关\林辉的比赛分享资料\电子设计大赛\程序\比赛程序\终极比赛程序\整合程序\Prj\IAR\FX15_Debug\Obj\VCAN_LCD.o
#        D:\电子和比赛相关\林辉的比赛分享资料\电子设计大赛\程序\比赛程序\终极比赛程序\整合程序\Prj\IAR\FX15_Debug\Obj\VCAN_LCD_CH.o
#        D:\电子和比赛相关\林辉的比赛分享资料\电子设计大赛\程序\比赛程序\终极比赛程序\整合程序\Prj\IAR\FX15_Debug\Obj\VCAN_LCD_ILI9341.o
#        D:\电子和比赛相关\林辉的比赛分享资料\电子设计大赛\程序\比赛程序\终极比赛程序\整合程序\Prj\IAR\FX15_Debug\Obj\VCAN_LCD_ST7735R.o
#        D:\电子和比赛相关\林辉的比赛分享资料\电子设计大赛\程序\比赛程序\终极比赛程序\整合程序\Prj\IAR\FX15_Debug\Obj\VCAN_LCD_ST7735S.o
#        D:\电子和比赛相关\林辉的比赛分享资料\电子设计大赛\程序\比赛程序\终极比赛程序\整合程序\Prj\IAR\FX15_Debug\Obj\VCAN_LED.o
#        D:\电子和比赛相关\林辉的比赛分享资料\电子设计大赛\程序\比赛程序\终极比赛程序\整合程序\Prj\IAR\FX15_Debug\Obj\VCAN_MMA7455.o
#        D:\电子和比赛相关\林辉的比赛分享资料\电子设计大赛\程序\比赛程序\终极比赛程序\整合程序\Prj\IAR\FX15_Debug\Obj\VCAN_NRF24L0.o
#        D:\电子和比赛相关\林辉的比赛分享资料\电子设计大赛\程序\比赛程序\终极比赛程序\整合程序\Prj\IAR\FX15_Debug\Obj\VCAN_NRF24L0_MSG.o
#        D:\电子和比赛相关\林辉的比赛分享资料\电子设计大赛\程序\比赛程序\终极比赛程序\整合程序\Prj\IAR\FX15_Debug\Obj\VCAN_OV7725_Eagle.o
#        D:\电子和比赛相关\林辉的比赛分享资料\电子设计大赛\程序\比赛程序\终极比赛程序\整合程序\Prj\IAR\FX15_Debug\Obj\VCAN_OV7725_Wolf.o
#        D:\电子和比赛相关\林辉的比赛分享资料\电子设计大赛\程序\比赛程序\终极比赛程序\整合程序\Prj\IAR\FX15_Debug\Obj\VCAN_RTC_count.o
#        D:\电子和比赛相关\林辉的比赛分享资料\电子设计大赛\程序\比赛程序\终极比赛程序\整合程序\Prj\IAR\FX15_Debug\Obj\VCAN_SCCB.o
#        D:\电子和比赛相关\林辉的比赛分享资料\电子设计大赛\程序\比赛程序\终极比赛程序\整合程序\Prj\IAR\FX15_Debug\Obj\vcan_sd_app.o
#        D:\电子和比赛相关\林辉的比赛分享资料\电子设计大赛\程序\比赛程序\终极比赛程序\整合程序\Prj\IAR\FX15_Debug\Obj\Vcan_touch.o
#        D:\电子和比赛相关\林辉的比赛分享资料\电子设计大赛\程序\比赛程序\终极比赛程序\整合程序\Prj\IAR\FX15_Debug\Obj\VCAN_TSL1401.o
#        D:\电子和比赛相关\林辉的比赛分享资料\电子设计大赛\程序\比赛程序\终极比赛程序\整合程序\Prj\IAR\FX15_Debug\Obj\VCAN_UI_VAR.o
#        D:\电子和比赛相关\林辉的比赛分享资料\电子设计大赛\程序\比赛程序\终极比赛程序\整合程序\Prj\IAR\FX15_Debug\Obj\vectors.o
#        --redirect _Printf=_PrintfLargeNoMb --redirect _Scanf=_ScanfLargeNoMb
#        -o
#        D:\电子和比赛相关\林辉的比赛分享资料\电子设计大赛\程序\比赛程序\终极比赛程序\整合程序\Prj\IAR\FX15_Debug\Exe\vcan_Kinetis.out
#        --map
#        D:\电子和比赛相关\林辉的比赛分享资料\电子设计大赛\程序\比赛程序\终极比赛程序\整合程序\Prj\IAR\FX15_Debug\List\vcan_Kinetis.map
#        --config
#        "D:\电子和比赛相关\林辉的比赛分享资料\电子设计大赛\程序\比赛程序\终极比赛程序\整合程序\Prj\IAR\config
#        files\vcan_ROM_K60X512.icf"
#        D:\电子和比赛相关\林辉的比赛分享资料\电子设计大赛\程序\比赛程序\终极比赛程序\整合程序\Prj\IAR\..\..\Lib\CMSIS\iar_cortexM4l_math.a
#        --entry __iar_program_start --redirect __write=__write_buffered --vfe
#
###############################################################################

*******************************************************************************
*** RUNTIME MODEL ATTRIBUTES
***

CppFlavor       = *
__SystemLibrary = DLib


*******************************************************************************
*** PLACEMENT SUMMARY
***

"A1":  place at 0x00000000 { ro section .intvec };
"A2":  place at 0x00000410 { ro section .noinit };
"P1":  place in [from 0x00000000 to 0x00080000] |
                [from 0x10000000 to 0x1007ffff] { ro, block CodeRelocate };
"P2":  place in [from 0x1fff0410 to 0x20010000] {
          rw, block CodeRelocateRam, block CSTACK, block HEAP };

  Section              Kind        Address    Size  Object
  -------              ----        -------    ----  ------
"A1":                                        0x410
  .intvec              const    0x00000000   0x410  vectors.o [1]
                              - 0x00000410   0x410

"P1", part 1 of 2:                             0x0
  .rodata              const    0x00000410     0x0  zero_init3.o [5]

"A2":                                          0x8
  .noinit              ro code  0x00000410     0x8  startup_MK60DZ10.o [1]
                              - 0x00000418     0x8

"P1", part 2 of 2:                          0x5844
  .text                ro code  0x00000418   0xf3a  main.o [1]
  .text                ro code  0x00001352    0x22  zero_init3.o [5]
  .text                ro code  0x00001374    0x9c  VCAN_key.o [1]
  .text                ro code  0x00001410   0x23c  VCAN_OV7725_Eagle.o [1]
  .text                ro code  0x0000164c    0x50  misc.o [1]
  .text                ro code  0x0000169c    0x7c  MK60_PIT.o [1]
  .text                ro code  0x00001718   0x604  OLED.o [1]
  .text                ro code  0x00001d1c   0x490  MK60_ftm.o [1]
  .text                ro code  0x000021ac    0xac  VCAN_LED.o [1]
  .text                ro code  0x00002258    0x94  VCAN_camera.o [1]
  .text                ro code  0x000022ec    0x64  MK60_SysTick.o [1]
  .text                ro code  0x00002350    0xe8  DblAdd.o [4]
  .text                ro code  0x00002438    0x2e  DblCmpGe.o [4]
  .rodata              const    0x00002466     0x2  VCAN_camera.o [1]
  .text                ro code  0x00002468    0x30  I32ToDbl.o [4]
  .text                ro code  0x00002498    0x58  DblToI32.o [4]
  .text                ro code  0x000024f0   0x1a2  DblMul.o [4]
  .text                ro code  0x00002694    0x2e  DblCmpLe.o [4]
  .text                ro code  0x000026c4   0x180  DblSub.o [4]
  .text                ro code  0x00002844   0x19c  MK60_gpio.o [1]
  .text                ro code  0x000029e0    0xb0  MK60_port.o [1]
  .text                ro code  0x00002a90   0x284  MK60_dma.o [1]
  .text                ro code  0x00002d14   0x362  VCAN_SCCB.o [1]
  .text                ro code  0x00003078    0x24  printf.o [3]
  Veneer               ro code  0x0000309c     0x8  - Linker created -
  Veneer               ro code  0x000030a4     0x8  - Linker created -
  .text                ro code  0x000030ac   0x140  MK60_conf.o [1]
  .text                ro code  0x000031ec   0xbee  xprintflarge_nomb.o [3]
  .text                ro code  0x00003ddc   0x24c  MK60_uart.o [1]
  .text                ro code  0x00004028    0x16  strchr.o [5]
  .text                ro code  0x00004040    0x36  strlen.o [5]
  .text                ro code  0x00004078    0x58  memchr.o [5]
  .text                ro code  0x000040d0    0xee  I64DivMod.o [5]
  .text                ro code  0x000041c0    0x76  ABImemcpy_unaligned.o [5]
  .text                ro code  0x00004236    0x42  xdnorm.o [4]
  .text                ro code  0x00004278   0x246  DblDiv.o [4]
  .text                ro code  0x000044c0    0x6c  localeconv.o [3]
  .text                ro code  0x0000452c     0xe  div.o [3]
  .text                ro code  0x0000453c     0x2  I64DivZer.o [5]
  .text                ro code  0x0000453e     0x2  xtls.o [3]
  .data_init                    0x00004540   0x8ec  <Block>
    Initializer bytes  ro data  0x00004540   0x8ec  <for .data-1>
  Veneer               ro code  0x00004e2c     0x8  - Linker created -
  .text                ro code  0x00004e34   0x400  MK60_mcg.o [1]
  .rodata              const    0x00005234   0x228  OLED.o [1]
  CodeRelocate                  0x0000545c   0x1f4  <Block>
    Initializer bytes  ro data  0x0000545c   0x1f4  <for CodeRelocateRam-1>
  .text                ro code  0x00005650   0x130  system_MK60DZ10.o [1]
  .text                ro code  0x00005780    0x40  MK60_wdog.o [1]
  .rodata              const    0x000057c0    0x54  MK60_ftm.o [1]
  .rodata              const    0x00005814    0x44  MK60_SysTick.o [1]
  .rodata              const    0x00005858    0x40  MK60_dma.o [1]
  .rodata              const    0x00005898    0x40  MK60_flash.o [1]
  .rodata              const    0x000058d8    0x40  MK60_gpio.o [1]
  .rodata              const    0x00005918    0x40  MK60_PIT.o [1]
  .rodata              const    0x00005958    0x40  MK60_uart.o [1]
  .rodata              const    0x00005998    0x3c  misc.o [1]
  .rodata              const    0x000059d4    0x3c  MK60_conf.o [1]
  .text                ro code  0x00005a10    0x28  data_init.o [5]
  .rodata              const    0x00005a38    0x24  MK60_conf.o [1]
  .rodata              const    0x00005a5c    0x24  VCAN_OV7725_Eagle.o [1]
  .rodata              const    0x00005a80    0x24  VCAN_OV7725_Eagle.o [1]
  .iar.init_table      const    0x00005aa4    0x10  - Linker created -
  .rodata              const    0x00005ab4    0x20  MK60_conf.o [1]
  .rodata              const    0x00005ad4    0x20  VCAN_OV7725_Eagle.o [1]
  .text                ro code  0x00005af4    0x1a  fpinit_M.o [4]
  .text                ro code  0x00005b10    0x1a  cmain.o [5]
  .text                ro code  0x00005b2a     0x4  low_level_init.o [3]
  .text                ro code  0x00005b2e     0x4  exit.o [3]
  .text                ro code  0x00005b34     0xa  cexit.o [5]
  .text                ro code  0x00005b40     0xc  XXexit.o [5]
  .rodata              const    0x00005b4c    0x18  VCAN_OV7725_Eagle.o [1]
  .rodata              const    0x00005b64    0x18  VCAN_OV7725_Eagle.o [1]
  .text                ro code  0x00005b7c    0x16  xprout.o [3]
  .text                ro code  0x00005b94     0xc  putchar.o [3]
  .rodata              const    0x00005ba0    0x14  MK60_conf.o [1]
  .rodata              const    0x00005bb4    0x14  VCAN_OV7725_Eagle.o [1]
  .text                ro code  0x00005bc8     0xc  cstartup_M.o [5]
  Initializer bytes    ro data  0x00005bd4    0x88  <for P2 s0>
                              - 0x00005c5c  0x5844

"P2":                                       0x21b0
  .data                         0x1fff0410   0x8ec  <Block>
    .data-1                     0x1fff0410   0x8ec  <Init block>
      .data            inited   0x1fff0410     0x8  main.o [1]
      .data            inited   0x1fff0418     0x8  main.o [1]
      .data            inited   0x1fff0420     0x4  main.o [1]
      .data            inited   0x1fff0424     0x4  main.o [1]
      .data            inited   0x1fff0428    0x2c  main.o [1]
      .data            inited   0x1fff0454    0x2c  main.o [1]
      .data            inited   0x1fff0480     0x4  main.o [1]
      .data            inited   0x1fff0484     0x4  main.o [1]
      .data            inited   0x1fff0488     0x1  main.o [1]
      .data            inited   0x1fff048c   0x708  MK60_conf.o [1]
      .data            inited   0x1fff0b94    0x10  MK60_ftm.o [1]
      .data            inited   0x1fff0ba4    0x14  MK60_gpio.o [1]
      .data            inited   0x1fff0bb8    0x58  MK60_mcg.o [1]
      .data            inited   0x1fff0c10     0x4  MK60_mcg.o [1]
      .data            inited   0x1fff0c14    0x14  MK60_port.o [1]
      .data            inited   0x1fff0c28    0x18  MK60_uart.o [1]
      .data            inited   0x1fff0c40     0xc  VCAN_key.o [1]
      .data            inited   0x1fff0c4c     0x4  VCAN_LED.o [1]
      .data            inited   0x1fff0c50     0x1  VCAN_OV7725_Eagle.o [1]
      .data            inited   0x1fff0c54    0x64  VCAN_OV7725_Eagle.o [1]
      .data            inited   0x1fff0cb8     0x1  VCAN_OV7725_Eagle.o [1]
      .data            inited   0x1fff0cbc    0x40  xfiles.o [3]
  CodeRelocateRam               0x1fff0cfc   0x1f4  <Block>
    CodeRelocateRam-1           0x1fff0cfc   0x1f4  <Init block>
      Veneer           inited   0x1fff0cfc     0x8  - Linker created -
      Veneer           inited   0x1fff0d04     0x8  - Linker created -
      .textrw          inited   0x1fff0d0c   0x194  MK60_flash.o [1]
      .textrw          inited   0x1fff0ea0    0x50  MK60_mcg.o [1]
  .bss                          0x1fff0ef0  0x1645  <Block>
    .bss               zero     0x1fff0ef0     0x8  main.o [1]
    .bss               zero     0x1fff0ef8     0x8  main.o [1]
    .bss               zero     0x1fff0f00    0x10  main.o [1]
    .bss               zero     0x1fff0f10    0x10  main.o [1]
    .bss               zero     0x1fff0f20     0x8  main.o [1]
    .bss               zero     0x1fff0f28     0x8  main.o [1]
    .bss               zero     0x1fff0f30     0x8  main.o [1]
    .bss               zero     0x1fff0f38   0x258  main.o [1]
    .bss               zero     0x1fff1190  0x12c0  main.o [1]
    .bss               zero     0x1fff2450     0x4  main.o [1]
    .bss               zero     0x1fff2454     0x4  main.o [1]
    .bss               zero     0x1fff2458     0x4  main.o [1]
    .bss               zero     0x1fff245c     0x4  main.o [1]
    .bss               zero     0x1fff2460    0x18  main.o [1]
    .bss               zero     0x1fff2478     0x4  main.o [1]
    .bss               zero     0x1fff247c     0x4  main.o [1]
    .bss               zero     0x1fff2480     0x4  main.o [1]
    .bss               zero     0x1fff2484     0x4  main.o [1]
    .bss               zero     0x1fff2488     0x4  main.o [1]
    .bss               zero     0x1fff248c     0x4  main.o [1]
    .bss               zero     0x1fff2490     0x4  main.o [1]
    .bss               zero     0x1fff2494    0x10  main.o [1]
    .bss               zero     0x1fff24a4    0x10  main.o [1]
    .bss               zero     0x1fff24b4     0x4  main.o [1]
    .bss               zero     0x1fff24b8     0x4  main.o [1]
    .bss               zero     0x1fff24bc    0x10  MK60_ftm.o [1]
    .bss               zero     0x1fff24cc     0x4  system_MK60DZ10.o [1]
    .bss               zero     0x1fff24d0     0x4  system_MK60DZ10.o [1]
    .bss               zero     0x1fff24d4     0x4  system_MK60DZ10.o [1]
    .bss               zero     0x1fff24d8     0x4  VCAN_OV7725_Eagle.o [1]
    .bss               zero     0x1fff24dc    0x50  xfiles.o [3]
    .bss               zero     0x1fff252c     0x1  main.o [1]
    .bss               zero     0x1fff252d     0x1  main.o [1]
    .bss               zero     0x1fff252e     0x1  main.o [1]
    .bss               zero     0x1fff252f     0x1  main.o [1]
    .bss               zero     0x1fff2530     0x1  main.o [1]
    .bss               zero     0x1fff2531     0x1  main.o [1]
    .bss               zero     0x1fff2532     0x1  main.o [1]
    .bss               zero     0x1fff2533     0x1  main.o [1]
    .bss               zero     0x1fff2534     0x1  main.o [1]
  P2 s0                         0x1fff2538    0x88  <Init block>
    __DLIB_PERTHREAD   inited   0x1fff2538    0x88  localeconv.o [3]
                              - 0x1fff25c0  0x21b0


*******************************************************************************
*** INIT TABLE
***

          Address     Size
          -------     ----
Zero (__iar_zero_init3)
    1 destination range, total size 0x1645:
          0x1fff0ef0  0x1645



*******************************************************************************
*** MODULE SUMMARY
***

    Module                 ro code  rw code  ro data  rw data
    ------                 -------  -------  -------  -------
D:\电子和比赛相关\林辉的比赛分享资料\电子设计大赛\程序\比赛程序\终极比赛程序\整合程序\Prj\IAR\FX15_Debug\Obj: [1]
    MK60_PIT.o                 124                64
    MK60_SysTick.o             100                68
    MK60_conf.o                320             1 951    1 800
    MK60_dma.o                 644                64
    MK60_flash.o                        404      468
    MK60_ftm.o               1 168               100       32
    MK60_gpio.o                412                84       20
    MK60_mcg.o               1 024       80      172       92
    MK60_port.o                176                20       20
    MK60_uart.o                588                88       24
    MK60_wdog.o                 64
    OLED.o                   1 540               552
    VCAN_LED.o                 172                 4        4
    VCAN_OV7725_Eagle.o        572               277      106
    VCAN_SCCB.o                866
    VCAN_camera.o              148                 2
    VCAN_key.o                 156                12       12
    main.o                   3 898               121    5 710
    misc.o                      80                60
    startup_MK60DZ10.o           8
    system_MK60DZ10.o          304                         12
    vectors.o                                  1 040
    ---------------------------------------------------------
    Total:                  12 364      484    5 147    7 832

command line: [2]
    ---------------------------------------------------------
    Total:

dl7M_tlf.a: [3]
    div.o                       14
    exit.o                       4
    localeconv.o               108               136      136
    low_level_init.o             4
    printf.o                    36
    putchar.o                   12
    xfiles.o                                      67      144
    xprintflarge_nomb.o      3 054
    xprout.o                    22
    xtls.o                       2
    ---------------------------------------------------------
    Total:                   3 256               203      280

m7M_tlv.a: [4]
    DblAdd.o                   232
    DblCmpGe.o                  46
    DblCmpLe.o                  46
    DblDiv.o                   582
    DblMul.o                   418
    DblSub.o                   384
    DblToI32.o                  88
    I32ToDbl.o                  48
    fpinit_M.o                  26
    xdnorm.o                    66
    ---------------------------------------------------------
    Total:                   1 936

rt7M_tl.a: [5]
    ABImemcpy_unaligned.o      118
    I64DivMod.o                238
    I64DivZer.o                  2
    XXexit.o                    12
    cexit.o                     10
    cmain.o                     26
    cstartup_M.o                12
    data_init.o                 40
    memchr.o                    88
    strchr.o                    22
    strlen.o                    54
    zero_init3.o                34
    ---------------------------------------------------------
    Total:                     656

    Gaps                        26                          9
    Linker created              24       16       32
-------------------------------------------------------------
    Grand Total:            18 262      500    5 382    8 121


*******************************************************************************
*** ENTRY LIST
***

Entry                      Address    Size  Type      Object
-----                      -------    ----  ----      ------
.bss$$Base              0x1fff0ef0           --   Gb  - Linker created -
.bss$$Limit             0x1fff2535           --   Gb  - Linker created -
.data$$Base             0x1fff0410           --   Gb  - Linker created -
.data$$Limit            0x1fff0cfc           --   Gb  - Linker created -
.data_init$$Base        0x00004540           --   Gb  - Linker created -
.data_init$$Limit       0x00004e2c           --   Gb  - Linker created -
?main                   0x00005b11          Code  Gb  cmain.o [5]
ASSERT_FAILED_STR       0x00005a38    0x24  Data  Gb  MK60_conf.o [1]
CodeRelocate$$Base      0x0000545c           --   Gb  - Linker created -
CodeRelocate$$Limit     0x00005650           --   Gb  - Linker created -
CodeRelocateRam$$Base   0x1fff0cfc           --   Gb  - Linker created -
CodeRelocateRam$$Limit  0x1fff0ef0           --   Gb  - Linker created -
DMA0_IRQHandler         0x00001311     0x8  Code  Gb  main.o [1]
F6x8                    0x00005234   0x228  Data  Gb  OLED.o [1]
FTMN                    0x1fff0b94    0x10  Data  Gb  MK60_ftm.o [1]
FTM_port_mux            0x00001d1d   0x1ac  Code  Lc  MK60_ftm.o [1]
GPIOX                   0x1fff0ba4    0x14  Data  Gb  MK60_gpio.o [1]
I_X                     0x1fff0410     0x8  Data  Gb  main.o [1]
I_Y                     0x1fff0418     0x8  Data  Gb  main.o [1]
I_flag                  0x1fff252f     0x1  Data  Gb  main.o [1]
Init_All                0x0000042f    0xaa  Code  Gb  main.o [1]
KEY_PTxn                0x1fff0c40     0xc  Data  Gb  VCAN_key.o [1]
LEDPIN_Init             0x00001719    0x36  Code  Gb  OLED.o [1]
LED_DLY_ms              0x000018df    0x1c  Code  Gb  OLED.o [1]
LED_Fill                0x0000189f    0x40  Code  Gb  OLED.o [1]
LED_Init                0x00001a13    0xb8  Code  Gb  OLED.o [1]
LED_P6x8Char            0x00001acb    0x54  Code  Gb  OLED.o [1]
LED_PTxn                0x1fff0c4c     0x4  Data  Gb  VCAN_LED.o [1]
LED_PrintValueI         0x00001b1f   0x106  Code  Gb  OLED.o [1]
LED_Set_Pos             0x00001877    0x28  Code  Gb  OLED.o [1]
LED_WrCmd               0x000017e5    0x92  Code  Gb  OLED.o [1]
LED_WrDat               0x00001751    0x92  Code  Gb  OLED.o [1]
LoadInt                 0x00003769    0x6e  Code  Lc  xprintflarge_nomb.o [3]
NVIC_DisableIRQ         0x00001429    0x18  Code  Lc  VCAN_OV7725_Eagle.o [1]
NVIC_EnableIRQ          0x00000419    0x16  Code  Lc  main.o [1]
NVIC_EnableIRQ          0x00001411    0x18  Code  Lc  VCAN_OV7725_Eagle.o [1]
NVIC_SystemReset        0x000030ad    0x1a  Code  Lc  MK60_conf.o [1]
PD_X                    0x00000ba9   0x386  Code  Gb  main.o [1]
PD_Y                    0x00000f45   0x164  Code  Gb  main.o [1]
PIT0_IRQHandler         0x000009e1    0x6a  Code  Gb  main.o [1]
PORTA_IRQHandler        0x0000123d    0x22  Code  Gb  main.o [1]
PORTX                   0x1fff0c14    0x14  Data  Gb  MK60_port.o [1]
P_X                     0x1fff0ef0     0x8  Data  Gb  main.o [1]
P_Y                     0x1fff0ef8     0x8  Data  Gb  main.o [1]
Region$$Table$$Base     0x00005aa4           --   Gb  - Linker created -
Region$$Table$$Limit    0x00005ab4           --   Gb  - Linker created -
Reset_Handler           0x00000411          Code  Gb  startup_MK60DZ10.o [1]
SCCB_Ack                0x00002de9    0x3c  Code  Lc  VCAN_SCCB.o [1]
SCCB_GPIO_init          0x00002d2f    0x28  Code  Gb  VCAN_SCCB.o [1]
SCCB_NoAck              0x00002e25    0x3c  Code  Lc  VCAN_SCCB.o [1]
SCCB_ReadByte           0x00002fc5    0x2c  Code  Gb  VCAN_SCCB.o [1]
SCCB_ReadByte_one       0x00002ff1    0x86  Code  Lc  VCAN_SCCB.o [1]
SCCB_ReceiveByte        0x00002ef1    0x54  Code  Lc  VCAN_SCCB.o [1]
SCCB_SendByte           0x00002ead    0x44  Code  Lc  VCAN_SCCB.o [1]
SCCB_Start              0x00002d57    0x5e  Code  Lc  VCAN_SCCB.o [1]
SCCB_Stop               0x00002db5    0x34  Code  Lc  VCAN_SCCB.o [1]
SCCB_WaitAck            0x00002e61    0x4c  Code  Lc  VCAN_SCCB.o [1]
SCCB_WriteByte          0x00002f55    0x28  Code  Gb  VCAN_SCCB.o [1]
SCCB_WriteByte_one      0x00002f7d    0x48  Code  Lc  VCAN_SCCB.o [1]
SCCB_delay              0x00002d15    0x1a  Code  Lc  VCAN_SCCB.o [1]
SetAddressingMode       0x000018fb    0x14  Code  Gb  OLED.o [1]
SetContrastControl      0x0000191f    0x14  Code  Gb  OLED.o [1]
SetStartLine            0x0000190f    0x10  Code  Gb  OLED.o [1]
Set_Charge_Pump         0x00001933    0x16  Code  Gb  OLED.o [1]
Set_Common_Config       0x000019e9    0x16  Code  Gb  OLED.o [1]
Set_Common_Remap        0x0000199d    0x10  Code  Gb  OLED.o [1]
Set_Display_Clock       0x000019c1    0x14  Code  Gb  OLED.o [1]
Set_Display_Offset      0x000019ad    0x14  Code  Gb  OLED.o [1]
Set_Display_On_Off      0x0000198d    0x10  Code  Gb  OLED.o [1]
Set_Entire_Display      0x00001959    0x10  Code  Gb  OLED.o [1]
Set_Inverse_Display     0x00001969    0x10  Code  Gb  OLED.o [1]
Set_Multiplex_Ratio     0x00001979    0x14  Code  Gb  OLED.o [1]
Set_Precharge_Period    0x000019d5    0x14  Code  Gb  OLED.o [1]
Set_Segment_Remap       0x00001949    0x10  Code  Gb  OLED.o [1]
Set_VCOMH               0x000019ff    0x14  Code  Gb  OLED.o [1]
UARTN                   0x1fff0c28    0x18  Data  Gb  MK60_uart.o [1]
_GenldLargeNoMb         0x00003b5d   0x236  Code  Lc  xprintflarge_nomb.o [3]
_LdtobLargeNoMb         0x000038dd   0x27a  Code  Lc  xprintflarge_nomb.o [3]
_LitobLargeNoMb         0x000037d7   0x106  Code  Lc  xprintflarge_nomb.o [3]
_Locale_aeabi_lconv     0x1fff2588    0x38  Data  Gb  localeconv.o [3]
_Locale_lconv           0x1fff2538    0x50  Data  Gb  localeconv.o [3]
_PrintfLargeNoMb        0x000031ed   0x576  Code  Gb  xprintflarge_nomb.o [3]
_Prout                  0x00005b7d    0x16  Code  Gb  xprout.o [3]
_PutcharsLargeNoMb      0x00003d93    0x2e  Code  Lc  xprintflarge_nomb.o [3]
__BOOT_STACK_ADDRESS {Abs}
                        0x2000fff8           --   Gb  command line/config [2]
__VECTOR_RAM {Abs}      0x1fff0000           --   Gb  command line/config [2]
__VECTOR_TABLE {Abs}    0x00000000           --   Gb  command line/config [2]
__aeabi_cdcmple         0x00002695          Code  Gb  DblCmpLe.o [4]
__aeabi_cdrcmple        0x00002439          Code  Gb  DblCmpGe.o [4]
__aeabi_d2iz            0x00002499          Code  Gb  DblToI32.o [4]
__aeabi_d2uiz           0x000024c5          Code  Gb  DblToI32.o [4]
__aeabi_dadd            0x00002351          Code  Gb  DblAdd.o [4]
__aeabi_ddiv            0x00004279          Code  Gb  DblDiv.o [4]
__aeabi_dmul            0x000024f1          Code  Gb  DblMul.o [4]
__aeabi_dsub            0x000026c5          Code  Gb  DblSub.o [4]
__aeabi_i2d             0x00002469          Code  Gb  I32ToDbl.o [4]
__aeabi_ldiv0           0x0000453d          Code  Gb  I64DivZer.o [5]
__aeabi_ui2d            0x0000247d          Code  Gb  I32ToDbl.o [4]
__aeabi_uldivmod        0x000040d1          Code  Gb  I64DivMod.o [5]
__as_entries_start      0xffffffff           --   Gb  command line/config [2]
__as_table_start        0xffffffff           --   Gb  command line/config [2]
__cmain                 0x00005b11          Code  Gb  cmain.o [5]
__code_start__ {Abs}    0x00000410           --   Gb  command line/config [2]
__exit                  0x00005b41          Code  Gb  XXexit.o [5]
__iar_Dnorm             0x00004237    0x42  Code  Gb  xdnorm.o [4]
__iar_Locale_lconv_init
                        0x000044c1    0x3a  Code  Gb  localeconv.o [3]
__iar_Memchr            0x00004079          Code  Gb  memchr.o [5]
__iar_Stdout            0x1fff0cbc    0x40  Data  Gb  xfiles.o [3]
__iar_Strchr            0x00004029          Code  Gb  strchr.o [5]
__iar_d2uiz             0x000024d1          Code  Gb  DblToI32.o [4]
__iar_dadd              0x00002365          Code  Gb  DblAdd.o [4]
__iar_data_init3        0x00005a11    0x28  Code  Gb  data_init.o [5]
__iar_dlib_perthread_access
                        0x0000453f     0x2  Code  Gb  xtls.o [3]
__iar_dsub              0x000026d9          Code  Gb  DblSub.o [4]
__iar_dsubStart         0x000026eb          Code  Gb  DblSub.o [4]
__iar_init_vfp          0x00005af5          Code  Gb  fpinit_M.o [4]
__iar_program_start     0x00005bc9          Code  Gb  cstartup_M.o [5]
__iar_ui2d              0x00002481          Code  Gb  I32ToDbl.o [4]
__iar_unaligned___aeabi_memcpy
                        0x000041c1          Code  Gb  ABImemcpy_unaligned.o [5]
__iar_unaligned___aeabi_memcpy4
                        0x000041e1          Code  Gb  ABImemcpy_unaligned.o [5]
__iar_unaligned___aeabi_memcpy8
                        0x000041e1          Code  Gb  ABImemcpy_unaligned.o [5]
__iar_zero_init3        0x00001353    0x22  Code  Gb  zero_init3.o [5]
__low_level_init        0x00005b2b     0x4  Code  Gb  low_level_init.o [3]
__vector_table          0x00000000   0x410  Data  Gb  vectors.o [1]
_call_main              0x00005b1d          Code  Gb  cmain.o [5]
_exit                   0x00005b35          Code  Gb  cexit.o [5]
_main                   0x00005b27          Code  Gb  cmain.o [5]
assert_failed           0x000030c7    0x26  Code  Gb  MK60_conf.o [1]
ball_target_x           0x1fff0420     0x4  Data  Gb  main.o [1]
ball_target_y           0x1fff0424     0x4  Data  Gb  main.o [1]
ball_x                  0x1fff2450     0x4  Data  Gb  main.o [1]
ball_xlocation          0x1fff2494    0x10  Data  Gb  main.o [1]
ball_xx                 0x1fff2458     0x4  Data  Gb  main.o [1]
ball_y                  0x1fff2454     0x4  Data  Gb  main.o [1]
ball_ylocation          0x1fff24a4    0x10  Data  Gb  main.o [1]
ball_yy                 0x1fff245c     0x4  Data  Gb  main.o [1]
bus_clk_khz             0x1fff24d4     0x4  Data  Gb  system_MK60DZ10.o [1]
check_speed             0x1fff2530     0x1  Data  Gb  main.o [1]
common_startup          0x000056af    0x98  Code  Gb  system_MK60DZ10.o [1]
control_ball            0x00000a4b   0x15c  Code  Gb  main.o [1]
core_clk_khz            0x1fff24cc     0x4  Data  Gb  system_MK60DZ10.o [1]
core_clk_mhz            0x1fff24d0     0x4  Data  Gb  system_MK60DZ10.o [1]
data                    0x1fff0f30     0x8  Data  Gb  main.o [1]
data1                   0x1fff0488     0x1  Data  Gb  main.o [1]
default_isr             0x0000319b    0x30  Code  Gb  MK60_conf.o [1]
div                     0x0000452d     0xe  Code  Gb  div.o [3]
dma_gpio_input_init     0x00002a91    0x5c  Code  Lc  MK60_dma.o [1]
dma_portx2buff_init     0x00002aed   0x1f4  Code  Gb  MK60_dma.o [1]
exit                    0x00005b2f     0x4  Code  Gb  exit.o [3]
flag1                   0x1fff2533     0x1  Data  Gb  main.o [1]
flag2                   0x1fff2534     0x1  Data  Gb  main.o [1]
flash_cmd               0x1fff0d0d    0x20  Code  Gb  MK60_flash.o [1]
flash_erase_sector      0x1fff0d51    0x5c  Code  Gb  MK60_flash.o [1]
flash_init              0x1fff0d2d    0x24  Code  Gb  MK60_flash.o [1]
flash_write             0x1fff0dad    0xb6  Code  Gb  MK60_flash.o [1]
fputc                   0x000030ed    0x14  Code  Gb  MK60_conf.o [1]
ftm_mod                 0x1fff24bc    0x10  Data  Lc  MK60_ftm.o [1]
ftm_pwm_duty            0x00002073   0x11a  Code  Gb  MK60_ftm.o [1]
ftm_pwm_init            0x00001ec9   0x1aa  Code  Gb  MK60_ftm.o [1]
get_ball_xy             0x000010d5   0x152  Code  Gb  main.o [1]
gpio_get                0x0000299d    0x3a  Code  Gb  MK60_gpio.o [1]
gpio_init               0x00002845    0xae  Code  Gb  MK60_gpio.o [1]
gpio_set                0x000028f3    0x72  Code  Gb  MK60_gpio.o [1]
gpio_turn               0x00002965    0x38  Code  Gb  MK60_gpio.o [1]
img                     0x1fff1190  0x12c0  Data  Gb  main.o [1]
img_extract             0x00002259    0x94  Code  Gb  VCAN_camera.o [1]
img_show                0x00001c29    0xea  Code  Gb  OLED.o [1]
imgbuff                 0x1fff0f38   0x258  Data  Gb  main.o [1]
key_check               0x000013e1    0x2a  Code  Gb  VCAN_key.o [1]
key_data                0x1fff252e     0x1  Data  Gb  main.o [1]
key_get                 0x000013c7    0x1a  Code  Gb  VCAN_key.o [1]
key_init                0x00001375    0x52  Code  Gb  VCAN_key.o [1]
last_s3010_out_x        0x1fff2478     0x4  Data  Gb  main.o [1]
last_s3010_out_y        0x1fff247c     0x4  Data  Gb  main.o [1]
last_xx                 0x1fff248c     0x4  Data  Gb  main.o [1]
last_yy                 0x1fff2490     0x4  Data  Gb  main.o [1]
led                     0x000021e7    0x3c  Code  Gb  VCAN_LED.o [1]
led_init                0x000021ad    0x3a  Code  Gb  VCAN_LED.o [1]
led_shine               0x00001319    0x3a  Code  Gb  main.o [1]
led_turn                0x00002223    0x32  Code  Gb  VCAN_LED.o [1]
localeconv              0x000044fb    0x16  Code  Gb  localeconv.o [3]
main                    0x000004d9   0x508  Code  Gb  main.o [1]
mcg_cfg                 0x1fff0bb8    0x58  Data  Gb  MK60_mcg.o [1]
mcg_div                 0x1fff0c10     0x4  Data  Gb  MK60_mcg.o [1]
mcg_div_count           0x00004e35   0x332  Code  Gb  MK60_mcg.o [1]
memchr                  0x00004079          Code  Gb  memchr.o [5]
mode                    0x1fff252d     0x1  Data  Gb  main.o [1]
obuf                    0x1fff24dc    0x50  Data  Lc  xfiles.o [3]
ov7725_eagle_cfgnum     0x1fff0cb8     0x1  Data  Gb  VCAN_OV7725_Eagle.o [1]
ov7725_eagle_dma        0x000014f9    0x14  Code  Gb  VCAN_OV7725_Eagle.o [1]
ov7725_eagle_get_img    0x0000150d    0x42  Code  Gb  VCAN_OV7725_Eagle.o [1]
ov7725_eagle_img_buff   0x1fff24d8     0x4  Data  Gb  VCAN_OV7725_Eagle.o [1]
ov7725_eagle_img_flag   0x1fff0c50     0x1  Data  Gb  VCAN_OV7725_Eagle.o [1]
ov7725_eagle_init       0x00001441    0x18  Code  Gb  VCAN_OV7725_Eagle.o [1]
ov7725_eagle_port_init  0x00001459    0x54  Code  Lc  VCAN_OV7725_Eagle.o [1]
ov7725_eagle_reg        0x1fff0c54    0x64  Data  Gb  VCAN_OV7725_Eagle.o [1]
ov7725_eagle_reg_init   0x0000154f    0xb0  Code  Lc  VCAN_OV7725_Eagle.o [1]
ov7725_eagle_vsync      0x000014ad    0x4c  Code  Gb  VCAN_OV7725_Eagle.o [1]
pit_init                0x0000169d    0x6c  Code  Gb  MK60_PIT.o [1]
pll_init                0x00005167    0xb2  Code  Gb  MK60_mcg.o [1]
port_init               0x000029e1    0x44  Code  Gb  MK60_port.o [1]
port_init_NoALT         0x00002a25    0x62  Code  Gb  MK60_port.o [1]
printf                  0x00003079    0x24  Code  Gb  printf.o [3]
project                 0x1fff2532     0x1  Data  Gb  main.o [1]
putchar                 0x00005b95     0xc  Code  Gb  putchar.o [3]
real_x                  0x1fff2480     0x4  Data  Gb  main.o [1]
real_y                  0x1fff2484     0x4  Data  Gb  main.o [1]
s3010_x_derror          0x1fff0f10    0x10  Data  Gb  main.o [1]
s3010_y_derror          0x1fff0f00    0x10  Data  Gb  main.o [1]
second_count            0x1fff24b4     0x4  Data  Gb  main.o [1]
set_sys_dividers        0x1fff0ea1    0x50  Code  Gb  MK60_mcg.o [1]
set_vector_handler      0x0000166f    0x22  Code  Gb  misc.o [1]
show_data               0x1fff2460    0x18  Data  Gb  main.o [1]
speed_flag              0x1fff2488     0x4  Data  Gb  main.o [1]
start                   0x00005651    0x22  Code  Gb  system_MK60DZ10.o [1]
start_check             0x00003101    0x9a  Code  Gb  MK60_conf.o [1]
stop_car_flag           0x1fff24b8     0x4  Data  Gb  main.o [1]
strchr                  0x00004029          Code  Gb  strchr.o [5]
strlen                  0x00004041          Code  Gb  strlen.o [5]
sum_derror_x            0x1fff0f20     0x8  Data  Gb  main.o [1]
sum_derror_y            0x1fff0f28     0x8  Data  Gb  main.o [1]
sysinit                 0x00005673    0x3c  Code  Gb  system_MK60DZ10.o [1]
systick_delay           0x000022ed    0x36  Code  Gb  MK60_SysTick.o [1]
systick_delay_ms        0x00002323    0x18  Code  Gb  MK60_SysTick.o [1]
target_flag             0x1fff2531     0x1  Data  Gb  main.o [1]
titlex                  0x1fff0428    0x2c  Data  Gb  main.o [1]
titley                  0x1fff0454    0x2c  Data  Gb  main.o [1]
uart_init               0x00003ddd   0x218  Code  Gb  MK60_uart.o [1]
uart_putchar            0x00003ff5    0x1a  Code  Gb  MK60_uart.o [1]
update_flag             0x1fff252c     0x1  Data  Gb  main.o [1]
vector_str              0x1fff048c   0x708  Data  Gb  MK60_conf.o [1]
wdog_disable            0x00005781    0x16  Code  Gb  MK60_wdog.o [1]
wdog_unlock             0x00005797    0x20  Code  Lc  MK60_wdog.o [1]
write_vtor              0x0000164d    0x22  Code  Gb  misc.o [1]
x_duty                  0x1fff0480     0x4  Data  Gb  main.o [1]
y_duty                  0x1fff0484     0x4  Data  Gb  main.o [1]


[1] = D:\电子和比赛相关\林辉的比赛分享资料\电子设计大赛\程序\比赛程序\终极比赛程序\整合程序\Prj\IAR\FX15_Debug\Obj
[2] = command line
[3] = dl7M_tlf.a
[4] = m7M_tlv.a
[5] = rt7M_tl.a

  18 262 bytes of readonly  code memory
     500 bytes of readwrite code memory
   5 382 bytes of readonly  data memory
   8 121 bytes of readwrite data memory

Errors: none
Warnings: none
